Microchip MPLAB XC8 Compiler V2.41

Linker command line:

-W-3 \
  --edf=C:/Program Files/Microchip/MPLABX/v6.10/packs/Microchip/PIC18Fxxxx_DFP/1.4.151/xc8\pic\dat\20230323171731_en.msgs \
  -cn -h+dist/default/debug\simple_calculator.X.debug.sym \
  --cmf=dist/default/debug\simple_calculator.X.debug.cmf -z -Q18F4620 \
  -oC:\Users\ENGHOS~1\AppData\Local\Temp\xcAsd30.\driver_tmp_3.o \
  --defsym=__MPLAB_BUILD=1 --fixupoverflow=error \
  -Mdist/default/debug/simple_calculator.X.debug.map \
  --md=C:\Users\ENGHOS~1\AppData\Local\Temp\xcAsd30.\driver_tmp_0.dat -E1 \
  -ver=XC8 Compiler --acfsm=1493 -ACODE=00h-0FFFFh -ACONST=00h-0FFFFh \
  -ASMALLCONST=01000h-010FFhx240 -AMEDIUMCONST=01000h-0FFFFh \
  -ACOMRAM=01h-07Fh -AABS1=00h-0F7Fh -ABIGRAM=01h-0F7Fh \
  -ARAM=080h-0FFh,0100h-01FFhx14,0F00h-0F7Fh -ABANK0=080h-0FFh \
  -ABANK1=0100h-01FFh -ABANK2=0200h-02FFh -ABANK3=0300h-03FFh \
  -ABANK4=0400h-04FFh -ABANK5=0500h-05FFh -ABANK6=0600h-06FFh \
  -ABANK7=0700h-07FFh -ABANK8=0800h-08FFh -ABANK9=0900h-09FFh \
  -ABANK10=0A00h-0AFFh -ABANK11=0B00h-0BFFh -ABANK12=0C00h-0CFFh \
  -ABANK13=0D00h-0DFFh -ABANK14=0E00h-0EFFh -ABANK15=0F00h-0F7Fh \
  -ASFR=0F80h-0FFFh -ABIGSFR=0F80h-0FFFh -ACONFIG=0300000h-030000Dh \
  -AIDLOC=0200000h-0200007h -AEEDATA=0F00000h-0F003FFh -peeprom_data=EEDATA \
  -preset_vec=00h,intcode,intcodelo,powerup,init -pramtop=01000h \
  -psmallconst=SMALLCONST -pmediumconst=MEDIUMCONST -pconst=CONST \
  -AFARRAM=00h-00h \
  -prdata=COMRAM,nvrram=COMRAM,nvbit=COMRAM,rbss=COMRAM,rbit=COMRAM \
  -pfarbss=FARRAM,fardata=FARRAM,nvFARRAM=FARRAM \
  -pintsave_regs=BIGRAM,bigbss=BIGRAM,bigdata=BIGRAM -pbss=RAM \
  -pidata=CODE,irdata=CODE,ibigdata=CODE,ifardata=CODE -prparam=COMRAM \
  C:\Users\ENGHOS~1\AppData\Local\Temp\xcAsd30.\driver_tmp_14.o \
  dist/default/debug\simple_calculator.X.debug.o 

Object code version is 3.11

Machine type is 18F4620



                Name                               Link     Load   Length Selector   Space Scale
C:\Users\ENGHOS~1\AppData\Local\Temp\xcAsd30.\driver_tmp_14.o
                config                           300000   300000        E        0       4
                init                                  0        0        4        0       0
dist/default/debug\simple_calculator.X.debug.o
                config                           300000   300000        E        0       4
                smallconst                         1000     1000       28      800       0
                text32                             26F0     26F0       26      814       0
                text31                             217E     217E       7E      814       0
                text30                             2276     2276       74      814       0
                text29                             1666     1666      144      814       0
                text28                             17AA     17AA      12C      814       0
                text27                             23CE     23CE       6C      814       0
                text26                             20FE     20FE       80      814       0
                text25                             2668     2668       36      814       0
                text24                             243A     243A       68      814       0
                text23                             235C     235C       72      814       0
                text22                             1B06     1B06      104      814       0
                text21                             2716     2716       1A      814       0
                text20                             269E     269E       2C      814       0
                text19                             14F0     14F0      176      814       0
                text18                             1CD4     1CD4       C4      814       0
                text17                             1F06     1F06       B0      814       0
                text16                             2628     2628       40      814       0
                text15                             2736     2736        2      814       0
                text14                             1C0A     1C0A       CA      814       0
                text13                             25E4     25E4       44      814       0
                text12                             21FC     21FC       7A      814       0
                text11                             135C     135C      194      814       0
                text10                             18D6     18D6      122      814       0
                text9                              2504     2504       4E      814       0
                text8                              2552     2552       4C      814       0
                text7                              1E50     1E50       B6      814       0
                text6                              1D98     1D98       B8      814       0
                text5                              19F8     19F8      10E      814       0
                text4                              22EA     22EA       72      814       0
                text3                              1FB6     1FB6       A8      814       0
                text2                              259E     259E       46      814       0
                text1                              205E     205E       A0      814       0
                text0                              1028     1028      334      814       0
                cstackCOMRAM                          1        1       62        1       1
                dataBANK0                            AC       AC       26       80       1
                bssBANK0                             80       80       2C       80       1
                dataCOMRAM                           77       77        6        1       1
                bssCOMRAM                            63       63       14        1       1
                cinit                              24A2     24A2       62      814       0
                idataBANK0                         26CA     26CA       26      814       0
                idataCOMRAM                        2730     2730        6      814       0

TOTAL           Name                               Link     Load   Length     Space
        CLASS   CODE           
                init                                  0        0        4         0
                text32                             26F0     26F0       26         0
                text31                             217E     217E       7E         0
                text30                             2276     2276       74         0
                text29                             1666     1666      144         0
                text28                             17AA     17AA      12C         0
                text27                             23CE     23CE       6C         0
                text26                             20FE     20FE       80         0
                text25                             2668     2668       36         0
                text24                             243A     243A       68         0
                text23                             235C     235C       72         0
                text22                             1B06     1B06      104         0
                text21                             2716     2716       1A         0
                text20                             269E     269E       2C         0
                text19                             14F0     14F0      176         0
                text18                             1CD4     1CD4       C4         0
                text17                             1F06     1F06       B0         0
                text16                             2628     2628       40         0
                text15                             2736     2736        2         0
                text14                             1C0A     1C0A       CA         0
                text13                             25E4     25E4       44         0
                text12                             21FC     21FC       7A         0
                text11                             135C     135C      194         0
                text10                             18D6     18D6      122         0
                text9                              2504     2504       4E         0
                text8                              2552     2552       4C         0
                text7                              1E50     1E50       B6         0
                text6                              1D98     1D98       B8         0
                text5                              19F8     19F8      10E         0
                text4                              22EA     22EA       72         0
                text3                              1FB6     1FB6       A8         0
                text2                              259E     259E       46         0
                text1                              205E     205E       A0         0
                text0                              1028     1028      334         0
                cinit                              24A2     24A2       62         0
                idataBANK0                         26CA     26CA       26         0
                idataCOMRAM                        2730     2730        6         0

        CLASS   CONST          

        CLASS   SMALLCONST     
                smallconst                         1000     1000       28         0

        CLASS   MEDIUMCONST    

        CLASS   COMRAM         
                cstackCOMRAM                          1        1       62         1
                dataCOMRAM                           77       77        6         1
                bssCOMRAM                            63       63       14         1

        CLASS   ABS1           

        CLASS   BIGRAM         

        CLASS   RAM            

        CLASS   BANK0          
                dataBANK0                            AC       AC       26         1
                bssBANK0                             80       80       2C         1

        CLASS   BANK1          

        CLASS   BANK2          

        CLASS   BANK3          

        CLASS   BANK4          

        CLASS   BANK5          

        CLASS   BANK6          

        CLASS   BANK7          

        CLASS   BANK8          

        CLASS   BANK9          

        CLASS   BANK10         

        CLASS   BANK11         

        CLASS   BANK12         

        CLASS   BANK13         

        CLASS   BANK14         

        CLASS   BANK15         

        CLASS   SFR            

        CLASS   BIGSFR         

        CLASS   CONFIG         
                config                           300000   300000        E         4

        CLASS   IDLOC          

        CLASS   EEDATA         

        CLASS   FARRAM         

        CLASS   HEAP           

        CLASS   STACK          



SEGMENTS        Name                           Load    Length   Top    Selector   Space  Class

                reset_vec                      000000  000004  000004         0       0  CODE    
                cstackCOMRAM                   000001  00007C  00007D         1       1  COMRAM  
                bssBANK0                       000080  000052  0000D2        80       1  BANK0   
                smallconst                     001000  000028  001028       800       0  SMALLCON
                text0                          001028  001710  002738       814       0  CODE    


UNUSED ADDRESS RANGES

        Name                Unused          Largest block    Delta
        BANK0            0000D2-0000FF               2E
        BANK1            000100-0001FF              100
        BANK10           000A00-000AFF              100
        BANK11           000B00-000BFF              100
        BANK12           000C00-000CFF              100
        BANK13           000D00-000DFF              100
        BANK14           000E00-000EFF              100
        BANK15           000F00-000F7F               80
        BANK2            000200-0002FF              100
        BANK3            000300-0003FF              100
        BANK4            000400-0004FF              100
        BANK5            000500-0005FF              100
        BANK6            000600-0006FF              100
        BANK7            000700-0007FF              100
        BANK8            000800-0008FF              100
        BANK9            000900-0009FF              100
        BIGRAM           00007D-00007F                3
                         0000D2-000F7F              EAE
        BIGSFR           000F80-000FFF               80
        CODE             000004-000FFF              FFC
                         002738-00FFFF             D8C8
        COMRAM           00007D-00007F                3
        CONST            000004-000FFF              FFC
                         002738-00FFFF             D8C8
        EEDATA           F00000-F003FF              400
        IDLOC            200000-200007                8
        MEDIUMCONST      002738-00FFFF             D8C8
        RAM              0000D2-000F7F              100
        SFR              000F80-000FFF               80
        SMALLCONST       002738-00FFFF              100

                                  Symbol Table

?_Number_return                           cstackCOMRAM 000007
?___awdiv                                 cstackCOMRAM 000001
?___awmod                                 cstackCOMRAM 000001
?___lwdiv                                 cstackCOMRAM 000001
?___wmul                                  cstackCOMRAM 000001
?_abs                                     cstackCOMRAM 000007
?_sprintf                                 cstackCOMRAM 00003F
?_vfprintf                                cstackCOMRAM 000037
Number_return@arr                         cstackCOMRAM 000007
Number_return@count                       cstackCOMRAM 000009
Number_return@i                           cstackCOMRAM 00000F
Number_return@num                         cstackCOMRAM 00000D
_FirstNumber                              bssCOMRAM    000072
_KeypadValue                              bssCOMRAM    000076
_LATA                                     (abs)        000F89
_LATB                                     (abs)        000F8A
_LATC                                     (abs)        000F8B
_LATD                                     (abs)        000F8C
_LATE                                     (abs)        000F8D
_Number_return                            text31       00217E
_PORTA                                    (abs)        000F80
_PORTB                                    (abs)        000F81
_PORTC                                    (abs)        000F82
_PORTD                                    (abs)        000F83
_PORTE                                    (abs)        000F84
_SecondNumber                             bssCOMRAM    00006E
_TRISA                                    (abs)        000F92
_TRISB                                    (abs)        000F93
_TRISC                                    (abs)        000F94
_TRISD                                    (abs)        000F95
_TRISE                                    (abs)        000F96
__HRAM                                    (abs)        000000
__H__absolute__                           __absolute__ 000000
__Habs1                                   abs1         000000
__Hbank0                                  bank0        000000
__Hbank1                                  bank1        000000
__Hbank10                                 bank10       000000
__Hbank11                                 bank11       000000
__Hbank12                                 bank12       000000
__Hbank13                                 bank13       000000
__Hbank14                                 bank14       000000
__Hbank15                                 bank15       000000
__Hbank2                                  bank2        000000
__Hbank3                                  bank3        000000
__Hbank4                                  bank4        000000
__Hbank5                                  bank5        000000
__Hbank6                                  bank6        000000
__Hbank7                                  bank7        000000
__Hbank8                                  bank8        000000
__Hbank9                                  bank9        000000
__Hbigbss                                 bigbss       000000
__Hbigdata                                bigdata      000000
__Hbigram                                 bigram       000000
__Hbigsfr                                 bigsfr       000000
__Hbss                                    bss          000000
__HbssBANK0                               bssBANK0     000000
__HbssCOMRAM                              bssCOMRAM    000000
__Hcinit                                  cinit        000000
__Hclrtext                                clrtext      000000
__Hcomram                                 comram       000000
__Hconfig                                 config       30000E
__Hconst                                  const        000000
__HcstackCOMRAM                           cstackCOMRAM 000000
__Hdata                                   data         000000
__HdataBANK0                              dataBANK0    000000
__HdataCOMRAM                             dataCOMRAM   000000
__Heeprom_data                            eeprom_data  000000
__Hfarbss                                 farbss       000000
__Hfardata                                fardata      000000
__Hheap                                   heap         000000
__Hibigdata                               ibigdata     000000
__Hidata                                  idata        000000
__HidataBANK0                             idataBANK0   000000
__HidataCOMRAM                            idataCOMRAM  000000
__Hidloc                                  idloc        000000
__Hifardata                               ifardata     000000
__Hinit                                   init         000004
__Hintcode                                intcode      000000
__Hintcode_body                           intcode_body 000000
__Hintcodelo                              intcodelo    000000
__Hintentry                               intentry     000000
__Hintret                                 intret       000000
__Hintsave_regs                           intsave_regs 000000
__Hirdata                                 irdata       000000
__Hmediumconst                            mediumconst  000000
__HnvFARRAM                               nvFARRAM     000000
__Hnvbit                                  nvbit        000000
__Hnvrram                                 nvrram       000000
__Hparam                                  rparam       000000
__Hpowerup                                powerup      000000
__Hram                                    ram          000000
__Hramtop                                 ramtop       001000
__Hrbit                                   rbit         000000
__Hrbss                                   rbss         000000
__Hrdata                                  rdata        000000
__Hreset_vec                              reset_vec    000000
__Hrparam                                 rparam       000000
__Hsfr                                    sfr          000000
__Hsmallconst                             smallconst   001028
__Hspace_0                                (abs)        002738
__Hspace_1                                (abs)        0000D2
__Hspace_2                                (abs)        000000
__Hspace_4                                (abs)        60000E
__Hstack                                  stack        000000
__Hstruct                                 struct       000000
__Htemp                                   temp         000000
__Htext                                   text         000000
__Htext0                                  text0        000000
__Htext1                                  text1        000000
__Htext10                                 text10       000000
__Htext11                                 text11       000000
__Htext12                                 text12       000000
__Htext13                                 text13       000000
__Htext14                                 text14       000000
__Htext15                                 text15       000000
__Htext16                                 text16       000000
__Htext17                                 text17       000000
__Htext18                                 text18       000000
__Htext19                                 text19       000000
__Htext2                                  text2        000000
__Htext20                                 text20       000000
__Htext21                                 text21       000000
__Htext22                                 text22       000000
__Htext23                                 text23       000000
__Htext24                                 text24       000000
__Htext25                                 text25       000000
__Htext26                                 text26       000000
__Htext27                                 text27       000000
__Htext28                                 text28       000000
__Htext29                                 text29       000000
__Htext3                                  text3        000000
__Htext30                                 text30       000000
__Htext31                                 text31       000000
__Htext32                                 text32       000000
__Htext4                                  text4        000000
__Htext5                                  text5        000000
__Htext6                                  text6        000000
__Htext7                                  text7        000000
__Htext8                                  text8        000000
__Htext9                                  text9        000000
__LRAM                                    (abs)        000001
__L__absolute__                           __absolute__ 000000
__Labs1                                   abs1         000000
__Lbank0                                  bank0        000000
__Lbank1                                  bank1        000000
__Lbank10                                 bank10       000000
__Lbank11                                 bank11       000000
__Lbank12                                 bank12       000000
__Lbank13                                 bank13       000000
__Lbank14                                 bank14       000000
__Lbank15                                 bank15       000000
__Lbank2                                  bank2        000000
__Lbank3                                  bank3        000000
__Lbank4                                  bank4        000000
__Lbank5                                  bank5        000000
__Lbank6                                  bank6        000000
__Lbank7                                  bank7        000000
__Lbank8                                  bank8        000000
__Lbank9                                  bank9        000000
__Lbigbss                                 bigbss       000000
__Lbigdata                                bigdata      000000
__Lbigram                                 bigram       000000
__Lbigsfr                                 bigsfr       000000
__Lbss                                    bss          000000
__LbssBANK0                               bssBANK0     000000
__LbssCOMRAM                              bssCOMRAM    000000
__Lcinit                                  cinit        000000
__Lclrtext                                clrtext      000000
__Lcomram                                 comram       000000
__Lconfig                                 config       000000
__Lconst                                  const        000000
__LcstackCOMRAM                           cstackCOMRAM 000000
__Ldata                                   data         000000
__LdataBANK0                              dataBANK0    000000
__LdataCOMRAM                             dataCOMRAM   000000
__Leeprom_data                            eeprom_data  000000
__Lfarbss                                 farbss       000000
__Lfardata                                fardata      000000
__Lheap                                   heap         000000
__Libigdata                               ibigdata     000000
__Lidata                                  idata        000000
__LidataBANK0                             idataBANK0   000000
__LidataCOMRAM                            idataCOMRAM  000000
__Lidloc                                  idloc        000000
__Lifardata                               ifardata     000000
__Linit                                   init         000000
__Lintcode                                intcode      000000
__Lintcode_body                           intcode_body 000000
__Lintcodelo                              intcodelo    000000
__Lintentry                               intentry     000000
__Lintret                                 intret       000000
__Lintsave_regs                           intsave_regs 000000
__Lirdata                                 irdata       000000
__Lmediumconst                            mediumconst  000000
__LnvFARRAM                               nvFARRAM     000000
__Lnvbit                                  nvbit        000000
__Lnvrram                                 nvrram       000000
__Lparam                                  rparam       000000
__Lpowerup                                powerup      000000
__Lram                                    ram          000000
__Lramtop                                 ramtop       001000
__Lrbit                                   rbit         000000
__Lrbss                                   rbss         000000
__Lrdata                                  rdata        000000
__Lreset_vec                              reset_vec    000000
__Lrparam                                 rparam       000000
__Lsfr                                    sfr          000000
__Lsmallconst                             smallconst   001000
__Lspace_0                                (abs)        000000
__Lspace_1                                (abs)        000000
__Lspace_2                                (abs)        000000
__Lspace_4                                (abs)        000000
__Lstack                                  stack        000000
__Lstruct                                 struct       000000
__Ltemp                                   temp         000000
__Ltext                                   text         000000
__Ltext0                                  text0        000000
__Ltext1                                  text1        000000
__Ltext10                                 text10       000000
__Ltext11                                 text11       000000
__Ltext12                                 text12       000000
__Ltext13                                 text13       000000
__Ltext14                                 text14       000000
__Ltext15                                 text15       000000
__Ltext16                                 text16       000000
__Ltext17                                 text17       000000
__Ltext18                                 text18       000000
__Ltext19                                 text19       000000
__Ltext2                                  text2        000000
__Ltext20                                 text20       000000
__Ltext21                                 text21       000000
__Ltext22                                 text22       000000
__Ltext23                                 text23       000000
__Ltext24                                 text24       000000
__Ltext25                                 text25       000000
__Ltext26                                 text26       000000
__Ltext27                                 text27       000000
__Ltext28                                 text28       000000
__Ltext29                                 text29       000000
__Ltext3                                  text3        000000
__Ltext30                                 text30       000000
__Ltext31                                 text31       000000
__Ltext32                                 text32       000000
__Ltext4                                  text4        000000
__Ltext5                                  text5        000000
__Ltext6                                  text6        000000
__Ltext7                                  text7        000000
__Ltext8                                  text8        000000
__Ltext9                                  text9        000000
__S0                                      (abs)        002738
__S1                                      (abs)        0000D2
__S4                                      (abs)        000000
__S5                                      (abs)        000000
___awdiv                                  text18       001CD4
___awdiv@counter                          cstackCOMRAM 000005
___awdiv@dividend                         cstackCOMRAM 000001
___awdiv@divisor                          cstackCOMRAM 000003
___awdiv@quotient                         cstackCOMRAM 000007
___awdiv@sign                             cstackCOMRAM 000006
___awmod                                  text17       001F06
___awmod@counter                          cstackCOMRAM 000005
___awmod@dividend                         cstackCOMRAM 000001
___awmod@divisor                          cstackCOMRAM 000003
___awmod@sign                             cstackCOMRAM 000006
___heap_hi                                (abs)        000000
___heap_lo                                (abs)        000000
___inthi_sp                               stack        000000
___intlo_sp                               stack        000000
___lwdiv                                  text30       002276
___lwdiv@counter                          cstackCOMRAM 000007
___lwdiv@dividend                         cstackCOMRAM 000001
___lwdiv@divisor                          cstackCOMRAM 000003
___lwdiv@quotient                         cstackCOMRAM 000005
___param_bank                             (abs)        000000
___rparam_used                            (abs)        000001
___sp                                     stack        000000
___wmul                                   text32       0026F0
___wmul@multiplicand                      cstackCOMRAM 000003
___wmul@multiplier                        cstackCOMRAM 000001
___wmul@product                           cstackCOMRAM 000005
__accesstop                               (abs)        000080
__activetblptr                            (abs)        000002
__end_of_Number_return                    text31       0021FC
__end_of___awdiv                          text18       001D98
__end_of___awmod                          text17       001FB6
__end_of___lwdiv                          text30       0022EA
__end_of___wmul                           text32       002716
__end_of__initialization                  cinit        0024FA
__end_of_abs                              text16       002668
__end_of_app_initialize                   text21       002730
__end_of_btn_value                        smallconst   001011
__end_of_clearDataArrays                  text20       0026CA
__end_of_convert_short_to_string          text7        001F06
__end_of_dtoa                             text11       0014F0
__end_of_fputc                            text14       001CD4
__end_of_fputs                            text13       002628
__end_of_gpio_pin_direction_initialize    text29       0017AA
__end_of_gpio_pin_initialize              text27       00243A
__end_of_gpio_pin_read_logic              text6        001E50
__end_of_gpio_pin_write_logic             text28       0018D6
__end_of_keypad_get_value                 text5        001B06
__end_of_keypad_initialize                text26       00217E
__end_of_lcd_4bit_initialize              text22       001C0A
__end_of_lcd_4bit_send_char_data          text4        00235C
__end_of_lcd_4bit_send_char_data_pos      text2        0025E4
__end_of_lcd_4bit_send_command            text23       0023CE
__end_of_lcd_4bit_send_enable_signal      text25       00269E
__end_of_lcd_4bit_send_string_pos         text1        0020FE
__end_of_lcd_4bit_set_cursor              text3        00205E
__end_of_lcd_send_4bits                   text24       0024A2
__end_of_main                             text0        00135C
__end_of_memset                           text19       001666
__end_of_pad                              text12       002276
__end_of_putch                            text15       002738
__end_of_sprintf                          text8        00259E
__end_of_vfpfcnvrt                        text10       0019F8
__end_of_vfprintf                         text9        002552
__initialization                          cinit        0024A2
__mediumconst                             mediumconst  000000
__pbssBANK0                               bssBANK0     000080
__pbssCOMRAM                              bssCOMRAM    000063
__pcinit                                  cinit        0024A2
__pcstackCOMRAM                           cstackCOMRAM 000001
__pdataBANK0                              dataBANK0    0000AC
__pdataCOMRAM                             dataCOMRAM   000077
__pidataBANK0                             idataBANK0   0026CA
__pidataCOMRAM                            idataCOMRAM  002730
__psmallconst                             smallconst   001000
__ptext0                                  text0        001028
__ptext1                                  text1        00205E
__ptext10                                 text10       0018D6
__ptext11                                 text11       00135C
__ptext12                                 text12       0021FC
__ptext13                                 text13       0025E4
__ptext14                                 text14       001C0A
__ptext15                                 text15       002736
__ptext16                                 text16       002628
__ptext17                                 text17       001F06
__ptext18                                 text18       001CD4
__ptext19                                 text19       0014F0
__ptext2                                  text2        00259E
__ptext20                                 text20       00269E
__ptext21                                 text21       002716
__ptext22                                 text22       001B06
__ptext23                                 text23       00235C
__ptext24                                 text24       00243A
__ptext25                                 text25       002668
__ptext26                                 text26       0020FE
__ptext27                                 text27       0023CE
__ptext28                                 text28       0017AA
__ptext29                                 text29       001666
__ptext3                                  text3        001FB6
__ptext30                                 text30       002276
__ptext31                                 text31       00217E
__ptext32                                 text32       0026F0
__ptext4                                  text4        0022EA
__ptext5                                  text5        0019F8
__ptext6                                  text6        001D98
__ptext7                                  text7        001E50
__ptext8                                  text8        002552
__ptext9                                  text9        002504
__ramtop                                  ramtop       001000
__smallconst                              smallconst   001000
_abs                                      text16       002628
_app_initialize                           text21       002716
_btn_value                                smallconst   001001
_clearDataArrays                          text20       00269E
_convert_short_to_string                  text7        001E50
_counter                                  bssCOMRAM    00006C
_dbuf                                     bssBANK0     000086
_dtoa                                     text11       00135C
_dtoa$1101                                cstackCOMRAM 000020
_flags                                    bssCOMRAM    00006B
_fputc                                    text14       001C0A
_fputs                                    text13       0025E4
_gpio_pin_direction_initialize            text29       001666
_gpio_pin_initialize                      text27       0023CE
_gpio_pin_read_logic                      text6        001D98
_gpio_pin_write_logic                     text28       0017AA
_key_1                                    dataBANK0    0000CA
_keypad_get_value                         text5        0019F8
_keypad_initialize                        text26       0020FE
_lat_registers                            dataBANK0    0000B6
_lcd_1                                    dataCOMRAM   000077
_lcd_4bit_initialize                      text22       001B06
_lcd_4bit_send_char_data                  text4        0022EA
_lcd_4bit_send_char_data_pos              text2        00259E
_lcd_4bit_send_command                    text23       00235C
_lcd_4bit_send_enable_signal              text25       002668
_lcd_4bit_send_string_pos                 text1        00205E
_lcd_4bit_set_cursor                      text3        001FB6
_lcd_send_4bits                           text24       00243A
_main                                     text0        001028
_memset                                   text19       0014F0
_number1                                  bssCOMRAM    000069
_number2                                  bssCOMRAM    000067
_operation                                bssCOMRAM    00006D
_pad                                      text12       0021FC
_port_registers                           dataBANK0    0000AC
_prec                                     bssCOMRAM    000065
_putch                                    text15       002736
_result                                   bssBANK0     0000A6
_sprintf                                  text8        002552
_tris_registers                           dataBANK0    0000C0
_vfpfcnvrt                                text10       0018D6
_vfprintf                                 text9        002504
_width                                    bssCOMRAM    000063
abs@a                                     cstackCOMRAM 000007
clearDataArrays@arr                       cstackCOMRAM 000001
clearDataArrays@i                         cstackCOMRAM 000004
clearDataArrays@size                      cstackCOMRAM 000003
convert_short_to_string@DataCounter       cstackCOMRAM 00005E
convert_short_to_string@Temp_String       cstackCOMRAM 000057
convert_short_to_string@ret               cstackCOMRAM 00005D
convert_short_to_string@str               cstackCOMRAM 000055
convert_short_to_string@value             cstackCOMRAM 000053
dtoa@d                                    cstackCOMRAM 00001E
dtoa@fp                                   cstackCOMRAM 00001C
dtoa@i                                    cstackCOMRAM 000026
dtoa@p                                    cstackCOMRAM 000022
dtoa@s                                    cstackCOMRAM 000028
dtoa@w                                    cstackCOMRAM 000024
end_of_initialization                     cinit        0024FA
fputc@c                                   cstackCOMRAM 000001
fputc@fp                                  cstackCOMRAM 000003
fputs@c                                   cstackCOMRAM 00000E
fputs@fp                                  cstackCOMRAM 00000C
fputs@i                                   cstackCOMRAM 00000F
fputs@s                                   cstackCOMRAM 00000A
gpio_pin_direction_initialize@_pin_config cstackCOMRAM 000001
gpio_pin_direction_initialize@ret         cstackCOMRAM 000009
gpio_pin_initialize@_pin_config           cstackCOMRAM 00000B
gpio_pin_initialize@ret                   cstackCOMRAM 00000E
gpio_pin_read_logic@_pin_config           cstackCOMRAM 000001
gpio_pin_read_logic@logic                 cstackCOMRAM 000003
gpio_pin_read_logic@ret                   cstackCOMRAM 00000A
gpio_pin_write_logic@_pin_config          cstackCOMRAM 000001
gpio_pin_write_logic@logic                cstackCOMRAM 000003
gpio_pin_write_logic@ret                  cstackCOMRAM 00000A
intlevel0                                 text         000000
intlevel1                                 text         000000
intlevel2                                 text         000000
intlevel3                                 text         000000
isa$std                                   (abs)        000001
isa$xinst                                 (abs)        000000
keypad_get_value@_keypad_obj              cstackCOMRAM 00000B
keypad_get_value@column_logic             cstackCOMRAM 000012
keypad_get_value@l_columns_counter        cstackCOMRAM 000015
keypad_get_value@l_counter                cstackCOMRAM 000013
keypad_get_value@l_rows_counter           cstackCOMRAM 000014
keypad_get_value@ret                      cstackCOMRAM 000011
keypad_get_value@value                    cstackCOMRAM 00000D
keypad_initialize@_keypad_obj             cstackCOMRAM 00000F
keypad_initialize@columns_counter         cstackCOMRAM 000015
keypad_initialize@ret                     cstackCOMRAM 000013
keypad_initialize@rows_counter            cstackCOMRAM 000014
lcd_4bit_initialize@l_data_pins_counter   cstackCOMRAM 000017
lcd_4bit_initialize@lcd                   cstackCOMRAM 000013
lcd_4bit_initialize@ret                   cstackCOMRAM 000018
lcd_4bit_send_char_data@data              cstackCOMRAM 000011
lcd_4bit_send_char_data@lcd               cstackCOMRAM 00000F
lcd_4bit_send_char_data@ret               cstackCOMRAM 000012
lcd_4bit_send_char_data_pos@col           cstackCOMRAM 00001D
lcd_4bit_send_char_data_pos@data          cstackCOMRAM 00001E
lcd_4bit_send_char_data_pos@lcd           cstackCOMRAM 00001A
lcd_4bit_send_char_data_pos@ret           cstackCOMRAM 00001F
lcd_4bit_send_char_data_pos@row           cstackCOMRAM 00001C
lcd_4bit_send_command@command             cstackCOMRAM 000011
lcd_4bit_send_command@lcd                 cstackCOMRAM 00000F
lcd_4bit_send_command@ret                 cstackCOMRAM 000012
lcd_4bit_send_enable_signal@lcd           cstackCOMRAM 00000B
lcd_4bit_send_enable_signal@ret           cstackCOMRAM 00000D
lcd_4bit_send_string_pos@col              cstackCOMRAM 00001D
lcd_4bit_send_string_pos@lcd              cstackCOMRAM 00001A
lcd_4bit_send_string_pos@ret              cstackCOMRAM 000020
lcd_4bit_send_string_pos@row              cstackCOMRAM 00001C
lcd_4bit_send_string_pos@str              cstackCOMRAM 00001E
lcd_4bit_set_cursor@coulmn                cstackCOMRAM 000016
lcd_4bit_set_cursor@lcd                   cstackCOMRAM 000013
lcd_4bit_set_cursor@ret                   cstackCOMRAM 000019
lcd_4bit_set_cursor@row                   cstackCOMRAM 000015
lcd_send_4bits@_data_command              cstackCOMRAM 00000D
lcd_send_4bits@lcd                        cstackCOMRAM 00000B
lcd_send_4bits@ret                        cstackCOMRAM 00000E
main@counter2                             cstackCOMRAM 000062
main@counter3                             cstackCOMRAM 000061
memset@c                                  cstackCOMRAM 000003
memset@dest                               cstackCOMRAM 000001
memset@k                                  cstackCOMRAM 000009
memset@n                                  cstackCOMRAM 000005
memset@s                                  cstackCOMRAM 00000B
pad@buf                                   cstackCOMRAM 000013
pad@fp                                    cstackCOMRAM 000011
pad@i                                     cstackCOMRAM 000018
pad@p                                     cstackCOMRAM 000015
pad@w                                     cstackCOMRAM 00001A
sprintf@ap                                cstackCOMRAM 000045
sprintf@f                                 cstackCOMRAM 000047
sprintf@fmt                               cstackCOMRAM 000041
sprintf@s                                 cstackCOMRAM 00003F
stackhi                                   (abs)        000000
stacklo                                   (abs)        000000
start                                     init         000000
start_initialization                      cinit        0024A2
vfpfcnvrt@ap                              cstackCOMRAM 00002D
vfpfcnvrt@convarg                         cstackCOMRAM 000031
vfpfcnvrt@cp                              cstackCOMRAM 000035
vfpfcnvrt@fmt                             cstackCOMRAM 00002B
vfpfcnvrt@fp                              cstackCOMRAM 000029
vfprintf@ap                               cstackCOMRAM 00003B
vfprintf@cfmt                             cstackCOMRAM 00003D
vfprintf@fmt                              cstackCOMRAM 000039
vfprintf@fp                               cstackCOMRAM 000037


MODULE INFORMATION

Module		Function		Class		Link	Load	Size
C:\Program Files\Microchip\xc8\v2.41\pic\sources\c99\common\awmod.c
		___awmod       		CODE           	1F06	0000	176

C:\Program Files\Microchip\xc8\v2.41\pic\sources\c99\common\awmod.c estimated size: 176

C:\Program Files\Microchip\xc8\v2.41\pic\sources\c99\common\nf_fputc.c
		_fputc         		CODE           	1C0A	0000	202

C:\Program Files\Microchip\xc8\v2.41\pic\sources\c99\common\nf_fputc.c estimated size: 202

C:\Program Files\Microchip\xc8\v2.41\pic\sources\c99\common\memset.c
		_memset        		CODE           	14F0	0000	374

C:\Program Files\Microchip\xc8\v2.41\pic\sources\c99\common\memset.c estimated size: 374

C:\Program Files\Microchip\xc8\v2.41\pic\sources\c99\common\nf_sprintf.c
		_sprintf       		CODE           	2552	0000	76

C:\Program Files\Microchip\xc8\v2.41\pic\sources\c99\common\nf_sprintf.c estimated size: 76

C:\Program Files\Microchip\xc8\v2.41\pic\sources\c99\common\lwdiv.c
		___lwdiv       		CODE           	2276	0000	116

C:\Program Files\Microchip\xc8\v2.41\pic\sources\c99\common\lwdiv.c estimated size: 116

C:\Program Files\Microchip\xc8\v2.41\pic\sources\c99\common\awdiv.c
		___awdiv       		CODE           	1CD4	0000	196

C:\Program Files\Microchip\xc8\v2.41\pic\sources\c99\common\awdiv.c estimated size: 196

ECU/KeyPad/ecu_keypad.c
		_keypad_get_value		CODE           	19F8	0000	270
		_keypad_initialize		CODE           	20FE	0000	128

ECU/KeyPad/ecu_keypad.c estimated size: 398

C:\Program Files\Microchip\xc8\v2.41\pic\sources\c99\common\abs.c
		_abs           		CODE           	2628	0000	64

C:\Program Files\Microchip\xc8\v2.41\pic\sources\c99\common\abs.c estimated size: 64

C:\Program Files\Microchip\xc8\v2.41\pic\sources\c99\common\doprnt.c
		_vfpfcnvrt     		CODE           	18D6	0000	290
		_pad           		CODE           	21FC	0000	122
		_dtoa          		CODE           	135C	0000	404
		_vfprintf      		CODE           	2504	0000	78

C:\Program Files\Microchip\xc8\v2.41\pic\sources\c99\common\doprnt.c estimated size: 894

MCAL/GPIO/hal_gpio.c
		_gpio_pin_write_logic		CODE           	17AA	0000	300
		_gpio_pin_read_logic		CODE           	1D98	0000	184
		_gpio_pin_direction_initialize		CODE           	1666	0000	324
		_gpio_pin_initialize		CODE           	23CE	0000	108

MCAL/GPIO/hal_gpio.c estimated size: 916

shared
		_btn_value     		SMALLCONST     	1001	0000	16
		__initialization		CODE           	24A2	0000	88

shared estimated size: 104

ECU/Chr_LCD/ecu_chr_lcd.c
		_convert_short_to_string		CODE           	1E50	0000	182
		_lcd_4bit_send_command		CODE           	235C	0000	114
		_lcd_4bit_send_string_pos		CODE           	205E	0000	160
		_lcd_4bit_send_char_data		CODE           	22EA	0000	114
		_lcd_send_4bits		CODE           	243A	0000	104
		_lcd_4bit_send_char_data_pos		CODE           	259E	0000	70
		_lcd_4bit_set_cursor		CODE           	1FB6	0000	168
		_lcd_4bit_send_enable_signal		CODE           	2668	0000	54
		_lcd_4bit_initialize		CODE           	1B06	0000	260

ECU/Chr_LCD/ecu_chr_lcd.c estimated size: 1226

C:\Program Files\Microchip\xc8\v2.41\pic\sources\c99\common\Umul16.c
		___wmul        		CODE           	26F0	0000	38

C:\Program Files\Microchip\xc8\v2.41\pic\sources\c99\common\Umul16.c estimated size: 38

C:\Program Files\Microchip\xc8\v2.41\pic\sources\c99\common\putch.c
		_putch         		CODE           	2736	0000	2

C:\Program Files\Microchip\xc8\v2.41\pic\sources\c99\common\putch.c estimated size: 2

C:\Program Files\Microchip\xc8\v2.41\pic\sources\c99\common\nf_fputs.c
		_fputs         		CODE           	25E4	0000	68

C:\Program Files\Microchip\xc8\v2.41\pic\sources\c99\common\nf_fputs.c estimated size: 68

application.c
		_main          		CODE           	1028	0000	820
		_clearDataArrays		CODE           	269E	0000	44
		_Number_return 		CODE           	217E	0000	126
		_app_initialize		CODE           	2716	0000	26

application.c estimated size: 1016

